exports[`editor sets ref 1`] = `
<p
  contentEditable={true}
  data-ref="one"
  onInput={[Function]}
  onKeyPress={[Function]}
  suppressContentEditableWarning={true}>
  <span>
    This is the first 
  </span>
  <strong>
    message
  </strong>
  <span>
    . Hello blah bomgolo frabilou elma tec.
  </span>
</p>
`;
